Running AddModuleScore for acinar genes... 
Time difference of 1.55019 secs
Running CSOA for acinar genes... 
Time difference of 2.621543 secs
Running Pagoda2 for acinar genes... 
Time difference of 10.59219 secs
Running SiPSiC for acinar genes... 
Time difference of 1.037576 secs
Running VAM for acinar genes... 
Time difference of 1.36999 secs
Running AddModuleScore for alpha genes... 
Time difference of 1.125787 secs
Running CSOA for alpha genes... 
Time difference of 1.648915 secs
Running Pagoda2 for alpha genes... 
Time difference of 9.672668 secs
Running SiPSiC for alpha genes... 
Time difference of 1.137618 secs
Running VAM for alpha genes... 
Time difference of 1.270103 secs
Running AddModuleScore for beta genes... 
Time difference of 1.648218 secs
Running CSOA for beta genes... 
Time difference of 1.647272 secs
Running Pagoda2 for beta genes... 
Time difference of 11.09725 secs
Running SiPSiC for beta genes... 
Time difference of 1.189647 secs
Running VAM for beta genes... 
Time difference of 1.162929 secs
Running AddModuleScore for delta genes... 
Time difference of 1.070044 secs
Running CSOA for delta genes... 
Time difference of 1.608037 secs
Running Pagoda2 for delta genes... 
Time difference of 16.90194 secs
Running SiPSiC for delta genes... 
Time difference of 1.299912 secs
Running VAM for delta genes... 
Time difference of 1.283585 secs
Running AddModuleScore for ductal genes... 
Time difference of 1.336537 secs
Running CSOA for ductal genes... 
Time difference of 3.132658 secs
Running Pagoda2 for ductal genes... 
Time difference of 10.49308 secs
Running SiPSiC for ductal genes... 
Time difference of 1.157254 secs
Running VAM for ductal genes... 
Time difference of 1.3614 secs
Running AddModuleScore for gamma genes... 
Time difference of 1.05662 secs
Running CSOA for gamma genes... 
Time difference of 1.39904 secs
Running Pagoda2 for gamma genes... 
Time difference of 16.58375 secs
Running SiPSiC for gamma genes... 
Time difference of 1.017443 secs
Running VAM for gamma genes... 
Time difference of 1.242987 secs
